\BOOKMARK [0][-]{chapter.1}{\376\377\000I\000n\000t\000r\000o\000d\000u\000c\000t\000i\000o\000n}{}% 1
\BOOKMARK [1][-]{section.1.1}{\376\377\000P\000r\000o\000b\000l\000e\000m\000\040\000S\000t\000a\000t\000e\000m\000e\000n\000t}{chapter.1}% 2
\BOOKMARK [1][-]{section.1.2}{\376\377\000P\000r\000o\000p\000o\000s\000e\000d\000\040\000S\000o\000l\000u\000t\000i\000o\000n\000\040\000a\000n\000d\000\040\000C\000o\000n\000t\000r\000i\000b\000u\000t\000i\000o\000n\000s}{chapter.1}% 3
\BOOKMARK [1][-]{section.1.3}{\376\377\000S\000t\000r\000u\000c\000t\000u\000r\000e\000\040\000o\000f\000\040\000t\000h\000e\000\040\000T\000h\000e\000s\000i\000s}{chapter.1}% 4
\BOOKMARK [0][-]{chapter.2}{\376\377\000T\000h\000e\000o\000r\000e\000t\000i\000c\000a\000l\000\040\000B\000a\000c\000k\000g\000r\000o\000u\000n\000d}{}% 5
\BOOKMARK [1][-]{section.2.1}{\376\377\000I\000n\000f\000o\000r\000m\000a\000t\000i\000o\000n\000\040\000T\000h\000e\000o\000r\000y\000\040\000a\000n\000d\000\040\000E\000n\000t\000r\000o\000p\000y}{chapter.2}% 6
\BOOKMARK [1][-]{section.2.2}{\376\377\000E\000n\000t\000r\000o\000p\000y\000\040\000C\000o\000d\000i\000n\000g\000\040\000P\000a\000r\000a\000d\000i\000g\000m\000s}{chapter.2}% 7
\BOOKMARK [2][-]{subsection.2.2.1}{\376\377\000H\000u\000f\000f\000m\000a\000n\000\040\000C\000o\000d\000i\000n\000g}{section.2.2}% 8
\BOOKMARK [2][-]{subsection.2.2.2}{\376\377\000A\000r\000i\000t\000h\000m\000e\000t\000i\000c\000\040\000C\000o\000d\000i\000n\000g}{section.2.2}% 9
\BOOKMARK [2][-]{subsection.2.2.3}{\376\377\000A\000s\000y\000m\000m\000e\000t\000r\000i\000c\000\040\000N\000u\000m\000e\000r\000a\000l\000\040\000S\000y\000s\000t\000e\000m\000s\000\040\000\050\000A\000N\000S\000\051}{section.2.2}% 10
\BOOKMARK [1][-]{section.2.3}{\376\377\000D\000i\000c\000t\000i\000o\000n\000a\000r\000y\000-\000B\000a\000s\000e\000d\000\040\000C\000o\000m\000p\000r\000e\000s\000s\000i\000o\000n\000\040\000\050\000L\000e\000m\000p\000e\000l\000-\000Z\000i\000v\000\051}{chapter.2}% 11
\BOOKMARK [1][-]{section.2.4}{\376\377\000C\000o\000l\000o\000r\000\040\000S\000p\000a\000c\000e\000\040\000D\000e\000c\000o\000r\000r\000e\000l\000a\000t\000i\000o\000n\000:\000\040\000T\000h\000e\000\040\000Y\000C\000o\000C\000g\000-\000R\000\040\000T\000r\000a\000n\000s\000f\000o\000r\000m}{chapter.2}% 12
\BOOKMARK [0][-]{chapter.3}{\376\377\000T\000h\000e\000\040\000M\000e\000s\000h\000-\000L\000Z\000\040\000A\000r\000c\000h\000i\000t\000e\000c\000t\000u\000r\000e}{}% 13
\BOOKMARK [1][-]{section.3.1}{\376\377\000S\000y\000s\000t\000e\000m\000\040\000P\000i\000p\000e\000l\000i\000n\000e\000\040\000O\000v\000e\000r\000v\000i\000e\000w}{chapter.3}% 14
\BOOKMARK [2][-]{subsection.3.1.1}{\376\377\000E\000n\000c\000o\000d\000i\000n\000g\000\040\000F\000l\000o\000w}{section.3.1}% 15
\BOOKMARK [2][-]{subsection.3.1.2}{\376\377\000D\000e\000c\000o\000d\000i\000n\000g\000\040\000F\000l\000o\000w}{section.3.1}% 16
\BOOKMARK [1][-]{section.3.2}{\376\377\000D\000y\000n\000a\000m\000i\000c\000\040\000S\000t\000e\000n\000c\000i\000l\000\040\000S\000e\000l\000e\000c\000t\000i\000o\000n\000\040\000H\000e\000u\000r\000i\000s\000t\000i\000c\000s}{chapter.3}% 17
\BOOKMARK [1][-]{section.3.3}{\376\377\000S\000c\000a\000l\000a\000r\000\040\000Q\000u\000a\000n\000t\000i\000z\000a\000t\000i\000o\000n\000\040\000a\000n\000d\000\040\000Z\000i\000g\000-\000Z\000a\000g\000\040\000M\000a\000p\000p\000i\000n\000g}{chapter.3}% 18
\BOOKMARK [0][-]{chapter.4}{\376\377\000A\000l\000g\000o\000r\000i\000t\000h\000m\000i\000c\000\040\000I\000m\000p\000l\000e\000m\000e\000n\000t\000a\000t\000i\000o\000n}{}% 19
\BOOKMARK [1][-]{section.4.1}{\376\377\0001\000D\000\040\000S\000p\000a\000t\000i\000a\000l\000\040\000L\000e\000m\000p\000e\000l\000-\000Z\000i\000v\000\040\000P\000a\000r\000s\000i\000n\000g}{chapter.4}% 20
\BOOKMARK [1][-]{section.4.2}{\376\377\000I\000n\000t\000e\000r\000l\000e\000a\000v\000e\000d\000\040\000r\000A\000N\000S\000\040\000E\000n\000t\000r\000o\000p\000y\000\040\000C\000o\000d\000i\000n\000g}{chapter.4}% 21
\BOOKMARK [1][-]{section.4.3}{\376\377\000R\000a\000y\000o\000n\000-\000D\000r\000i\000v\000e\000n\000\040\000P\000a\000r\000a\000l\000l\000e\000l\000i\000z\000a\000t\000i\000o\000n\000\040\000a\000n\000d\000\040\000M\000u\000l\000t\000i\000-\000t\000h\000r\000e\000a\000d\000i\000n\000g}{chapter.4}% 22
\BOOKMARK [0][-]{chapter.5}{\376\377\000P\000e\000r\000f\000o\000r\000m\000a\000n\000c\000e\000\040\000E\000v\000a\000l\000u\000a\000t\000i\000o\000n\000\040\000a\000n\000d\000\040\000B\000e\000n\000c\000h\000m\000a\000r\000k\000i\000n\000g}{}% 23
\BOOKMARK [1][-]{section.5.1}{\376\377\000M\000e\000t\000h\000o\000d\000o\000l\000o\000g\000y\000\040\000a\000n\000d\000\040\000D\000a\000t\000a\000s\000e\000t}{chapter.5}% 24
\BOOKMARK [1][-]{section.5.2}{\376\377\000L\000o\000s\000s\000l\000e\000s\000s\000\040\000C\000o\000m\000p\000r\000e\000s\000s\000i\000o\000n\000\040\000P\000e\000r\000f\000o\000r\000m\000a\000n\000c\000e}{chapter.5}% 25
\BOOKMARK [2][-]{subsection.5.2.1}{\376\377\000A\000n\000a\000l\000y\000s\000i\000s\000\040\000o\000f\000\040\000L\000o\000s\000s\000l\000e\000s\000s\000\040\000R\000e\000s\000u\000l\000t\000s}{section.5.2}% 26
\BOOKMARK [1][-]{section.5.3}{\376\377\000L\000o\000s\000s\000y\000\040\000R\000a\000t\000e\000-\000D\000i\000s\000t\000o\000r\000t\000i\000o\000n\000\040\000A\000n\000a\000l\000y\000s\000i\000s}{chapter.5}% 27
\BOOKMARK [2][-]{subsection.5.3.1}{\376\377\000R\000G\000B\000\040\000v\000s\000.\000\040\000Y\000C\000o\000C\000g\000-\000R\000\040\000D\000e\000c\000o\000r\000r\000e\000l\000a\000t\000i\000o\000n}{section.5.3}% 28
\BOOKMARK [2][-]{subsection.5.3.2}{\376\377\000T\000h\000e\000\040\000I\000m\000p\000a\000c\000t\000\040\000o\000f\000\040\000C\000h\000r\000o\000m\000a\000\040\000S\000u\000b\000s\000a\000m\000p\000l\000i\000n\000g}{section.5.3}% 29
\BOOKMARK [2][-]{subsection.5.3.3}{\376\377\000P\000a\000l\000e\000t\000t\000e\000\040\000Q\000u\000a\000n\000t\000i\000z\000a\000t\000i\000o\000n}{section.5.3}% 30
\BOOKMARK [1][-]{section.5.4}{\376\377\000C\000o\000m\000p\000u\000t\000a\000t\000i\000o\000n\000a\000l\000\040\000C\000o\000m\000p\000l\000e\000x\000i\000t\000y\000\040\000a\000n\000d\000\040\000A\000s\000y\000m\000m\000e\000t\000r\000y}{chapter.5}% 31
\BOOKMARK [0][-]{chapter.6}{\376\377\000B\000i\000n\000a\000r\000y\000\040\000F\000i\000l\000e\000\040\000F\000o\000r\000m\000a\000t\000\040\000S\000p\000e\000c\000i\000f\000i\000c\000a\000t\000i\000o\000n}{}% 32
\BOOKMARK [1][-]{section.6.1}{\376\377\000F\000i\000l\000e\000\040\000S\000i\000g\000n\000a\000t\000u\000r\000e\000\040\000a\000n\000d\000\040\000H\000e\000a\000d\000e\000r}{chapter.6}% 33
\BOOKMARK [2][-]{subsection.6.1.1}{\376\377\000C\000o\000l\000o\000r\000\040\000S\000p\000a\000c\000e\000\040\000M\000o\000d\000e\000s}{section.6.1}% 34
\BOOKMARK [1][-]{section.6.2}{\376\377\000P\000a\000l\000e\000t\000t\000e\000\040\000C\000h\000u\000n\000k\000\040\000\050\000O\000p\000t\000i\000o\000n\000a\000l\000\051}{chapter.6}% 35
\BOOKMARK [1][-]{section.6.3}{\376\377\000B\000l\000o\000c\000k\000\040\000P\000a\000y\000l\000o\000a\000d\000\040\000S\000t\000r\000u\000c\000t\000u\000r\000e}{chapter.6}% 36
\BOOKMARK [2][-]{subsection.6.3.1}{\376\377\000B\000i\000t\000s\000t\000r\000e\000a\000m\000\040\000P\000a\000y\000l\000o\000a\000d\000\040\000D\000e\000t\000a\000i\000l\000s}{section.6.3}% 37
\BOOKMARK [1][-]{section.6.4}{\376\377\000E\000O\000F\000\040\000M\000a\000r\000k\000e\000r}{chapter.6}% 38
\BOOKMARK [0][-]{chapter.7}{\376\377\000A\000p\000p\000e\000n\000d\000i\000x\000:\000\040\000C\000o\000r\000e\000\040\000A\000l\000g\000o\000r\000i\000t\000h\000m\000i\000c\000\040\000I\000m\000p\000l\000e\000m\000e\000n\000t\000a\000t\000i\000o\000n\000s}{}% 39
\BOOKMARK [1][-]{section.7.1}{\376\377\000H\000i\000l\000b\000e\000r\000t\000\040\000C\000u\000r\000v\000e\000\040\000S\000t\000e\000n\000c\000i\000l\000\040\000G\000e\000n\000e\000r\000a\000t\000o\000r}{chapter.7}% 40
\BOOKMARK [1][-]{section.7.2}{\376\377\000Y\000C\000o\000C\000g\000-\000R\000\040\000R\000e\000v\000e\000r\000s\000i\000b\000l\000e\000\040\000C\000o\000l\000o\000r\000\040\000T\000r\000a\000n\000s\000f\000o\000r\000m}{chapter.7}% 41
\BOOKMARK [1][-]{section.7.3}{\376\377\000I\000n\000t\000e\000r\000l\000e\000a\000v\000e\000d\000\040\000r\000A\000N\000S\000\040\000D\000e\000c\000o\000d\000e\000r\000\040\000L\000o\000o\000p}{chapter.7}% 42
\BOOKMARK [0][-]{chapter.8}{\376\377\000C\000o\000n\000c\000l\000u\000s\000i\000o\000n\000\040\000a\000n\000d\000\040\000F\000u\000t\000u\000r\000e\000\040\000W\000o\000r\000k}{}% 43
\BOOKMARK [1][-]{section.8.1}{\376\377\000C\000o\000n\000c\000l\000u\000s\000i\000o\000n}{chapter.8}% 44
\BOOKMARK [1][-]{section.8.2}{\376\377\000F\000u\000t\000u\000r\000e\000\040\000W\000o\000r\000k}{chapter.8}% 45
\BOOKMARK [2][-]{subsection.8.2.1}{\376\377\000M\000a\000c\000h\000i\000n\000e\000\040\000L\000e\000a\000r\000n\000i\000n\000g\000\040\000S\000t\000e\000n\000c\000i\000l\000\040\000S\000e\000l\000e\000c\000t\000i\000o\000n}{section.8.2}% 46
\BOOKMARK [2][-]{subsection.8.2.2}{\376\377\000I\000n\000t\000e\000r\000-\000b\000l\000o\000c\000k\000\040\000D\000C\000\040\000P\000r\000e\000d\000i\000c\000t\000i\000o\000n}{section.8.2}% 47
\BOOKMARK [2][-]{subsection.8.2.3}{\376\377\000H\000a\000r\000d\000w\000a\000r\000e\000\040\000S\000I\000M\000D\000\040\000I\000n\000t\000r\000i\000n\000s\000i\000c\000s}{section.8.2}% 48
